AREA .  .ABS.
	RADIX HEX
	BASE 0000
	SIZE 0000
	ATTRIB ABS OVR
	GLOBALS
		l__HEAP	0000
		l__BSEG	0000
		l_.  .ABS.	0000
		l__GSFINAL	0000
		l__ISEG	0000
		s_.  .ABS.	0000
		s__HEADER	0000
		l__XSEG	0000
		.init	0000
		l__OVERLAY	0000
		l__LIT	0000
		s__SFR	0000
		l__GSINITTAIL	0001
		l__BSS	0087
		l__HEADER	01EB
		s__CODE	0200
		l__HOME	04AF
		l__DATA	07EE
		l__CODE	188E
		s__HOME	1A8E
		l__BASE	1CDD
		s__BASE	1F3D
		l__GSINIT	2EBB
		s__LIT	3C1A
		s__GSINIT	3C1A
		s__GSINITTAIL	6AD5
		s__GSFINAL	6AD6
		.OAM	C000
		s__DATA	C0A0
		s__BSS	C88E
		s__HEAP	C915
		s__BSEG	C915
		s__ISEG	C915
		s__XSEG	C915
		s__OVERLAY	C915
		.STACK	E000
		.refresh_OAM	FF80
		l__SFR	10000
AREA _CODE
	RADIX HEX
	BASE 0200
	SIZE 188E
	ATTRIB REL CON
	GLOBALS
		_hide_all_sprites	0200
		_moveMainCaracter	0226
		_moveSecondaryCaracter	02AC
		_setupBus	0332
		_setupCar	03C5
		_setupStudent	0458
		_setupStudent2	04EB
		_performantdelay	057E
		_play1_first_part	0592
		_play1_second_part	0746
		_play2_first_part	091F
		_play2_second_part	09E3
		_play2_thirt_part	0AA7
		_play2_fourth_part	0BEA
		_play2_fifth_part	0CAE
		_limpar_tela	0E50
		_tela_inicial	0EB5
		_fase1	0F15
		_fase2	10FC
		_main	1307
		_putchar	131D
		_setchar	1326
		_gotoxy	132F
		_posx	133A
		_posy	134B
		.adv_gcurs	135C
		.circle	1379
		.horlin	141C
		.verlin	1454
		.circplot	14B0
		.box	152E
		.line	1604
		.xonly	1725
		.yonly	1874
		.plot	1895
		.wrbyte	18B2
		.getpix	1934
		.wrtchr	1969
		_gotogxy	19CD
		_wrtchr	19D8
		_getpix	19ED
		_color	19F9
		_circle	1A08
		_box	1A22
		_line	1A46
		_plot_point	1A5E
		_plot	1A72
AREA _HEADER
	RADIX HEX
	BASE 0000
	SIZE 01EB
	ATTRIB ABS OVR
	GLOBALS
		_exit	01D2
AREA _HOME
	RADIX HEX
	BASE 1A8E
	SIZE 04AF
	ATTRIB REL CON
	GLOBALS
		.set_mode	1A8E
		.remove_VBL	1A9E
		.remove_LCD	1AA4
		.remove_TIM	1AAA
		.remove_SIO	1AB0
		.remove_JOY	1AB6
		.add_VBL	1ABC
		.add_LCD	1AC2
		.add_TIM	1AC8
		.add_SIO	1ACE
		.add_JOY	1AD4
		.remove_int	1ADA
		.add_int	1AFA
		.wait_vbl_done	1B16
		_wait_vbl_done	1B16
		_display_off	1B2D
		.display_off	1B2D
		.serial_IO	1B4E
		_mode	1B7D
		_get_mode	1B86
		_enable_interrupts	1B8B
		_disable_interrupts	1B8D
		_reset	1B8F
		.reset	1B8F
		_set_interrupts	1B95
		_remove_VBL	1BA0
		_remove_LCD	1BAB
		_remove_TIM	1BB6
		_remove_SIO	1BC1
		_remove_JOY	1BCC
		_add_VBL	1BD7
		_add_LCD	1BE2
		_add_TIM	1BED
		_add_SIO	1BF8
		_add_JOY	1C03
		_clock	1C0E
		__printTStates	1C17
		banked_call	1C18
		banked_ret	1C31
		_printf	1C3A
		_sprintf	1C69
AREA _BASE
	RADIX HEX
	BASE 1F3D
	SIZE 1CDD
	ATTRIB REL CON
	GLOBALS
		font_copy_uncompressed	1F3D
		font_copy_compressed	1F73
		font_load	1FC8
		font_copy_current	2010
		font_set	2058
		.put_char	2065
		.out_char	207E
		.del_char	2085
		_font_load	20E0
		_font_set	20EE
		_font_init	20FD
		_cls	211F
		.cls	211F
		.cr_curs	2151
		.adv_curs	2166
		.tmode	21C2
		.tmode_out	21EB
		_scroll_bkg	21FB
		_move_win	2211
		.padup	221A
		_waitpadup	221A
		.jpad	222A
		.wait_pad	2257
		_joypad	225E
		_waitpad	2263
		.mv_sprite	226D
		_move_sprite	227C
		_font_spect	2289
		_set_win_tiles	260B
		_set_win_data	261F
		_set_bkg_data	261F
		_set_sprite_data	266C
		_font_load_ibm_fixed	269B
		_font_ibm_fixed	26A2
		_font_ibm_fixed_tiles	27A4
		.gmode	2FA4
		.vbl	3006
		.lcd	3011
		.draw_image	301E
		.switch_data	3028
		_switch_data	305F
		_draw_image	307A
		.y_table	308D
		_font_italic	31AD
		_font_ibm	3517
		.set_sprite_tile	3899
		_set_sprite_tile	38A6
		.init_vram	38B1
		.init_wtt	38BF
		.init_btt	38CF
		.init_tt	38DD
		_font_min	38E3
		__modslong	3A8D
		__divslong	3A8D
		__mulslong	3A8D
		__divschar	3A8E
		__modschar	3A9A
		__divsint	3AA5
		__modsint	3AB6
		__divuchar	3AC5
		__moduchar	3AD1
		__divuint	3ADC
		__moduint	3AED
		.mod8	3AFC
		.div8	3AFC
		.mod16	3B04
		.div16	3B04
		.modu8	3B3A
		.divu8	3B3A
		.modu16	3B3D
		.divu16	3B3D
		.copy_vram	3B7A
		_get_data	3B89
		_set_data	3B89
		_set_bkg_tiles	3B9C
		.set_xy_wtt	3BB0
		.set_xy_btt	3BC1
		.set_xy_tt	3BD0
		_set_tiles	3C01
AREA _LIT
	RADIX HEX
	BASE 3C1A
	SIZE 0000
	ATTRIB REL CON
AREA _GSINIT
	RADIX HEX
	BASE 3C1A
	SIZE 2EBB
	ATTRIB REL CON
	GLOBALS
		gsinit	3C1A
AREA _GSINITTAIL
	RADIX HEX
	BASE 6AD5
	SIZE 0001
	ATTRIB REL CON
AREA _GSFINAL
	RADIX HEX
	BASE 6AD6
	SIZE 0000
	ATTRIB REL CON
AREA _DATA
	RADIX HEX
	BASE C0A0
	SIZE 07EE
	ATTRIB REL CON
	GLOBALS
		_Bus_Sprite	C0A0
		_Car_Sprite	C0E0
		__Clock	C120
		_Fase1_Sprites	C130
		_Fase2_Sprites	C270
		_Student_Sprite	C370
		_Student2_Sprite	C3B0
		_Fase1_BackGround	C3F0
		_Fase2_BackGround	C610
		_timemap	C850
		_end_mensage	C85A
		_x	C864
		_y	C865
		_a	C866
		_tocou	C867
		_tocou2	C868
		_sound_step	C869
		_delay_counter	C86A
		_i	C86B
		_j	C86C
		_k	C86D
		_bus	C86E
		_student	C876
		_car	C87E
		_student2	C886
AREA _BSS
	RADIX HEX
	BASE C88E
	SIZE 0087
	ATTRIB REL CON
	GLOBALS
		__cpu	C88E
		.mode	C88F
		__io_out	C890
		__io_in	C891
		__io_status	C892
		.vbl_done	C893
		__current_bank	C894
		_sys_time	C895
		.sys_time	C895
		.int_0x40	C897
		.int_0x48	C8A7
		.int_0x50	C8B7
		.int_0x58	C8C7
		.int_0x60	C8D7
		font_current	C8E7
		font_first_free_tile	C8EA
		font_table	C8EB
		.curx	C8FD
		.cury	C8FE
		.fg_colour	C8FF
		.bg_colour	C900
AREA _HEAP
	RADIX HEX
	BASE C915
	SIZE 0000
	ATTRIB REL CON
	GLOBALS
		_malloc_heap_start	C915
AREA _OVERLAY
	RADIX HEX
	BASE C915
	SIZE 0000
	ATTRIB REL CON
AREA _ISEG
	RADIX HEX
	BASE C915
	SIZE 0000
	ATTRIB REL CON
AREA _BSEG
	RADIX HEX
	BASE C915
	SIZE 0000
	ATTRIB REL CON
AREA _XSEG
	RADIX HEX
	BASE C915
	SIZE 0000
	ATTRIB REL CON
AREA _SFR
	RADIX HEX
	BASE 0000
	SIZE 10000
	ATTRIB ABS OVR
	GLOBALS
		_P1_REG	FF00
		_SB_REG	FF01
		_SC_REG	FF02
		_DIV_REG	FF04
		_TIMA_REG	FF05
		_TMA_REG	FF06
		_TAC_REG	FF07
		_IF_REG	FF0F
		_NR10_REG	FF10
		_NR11_REG	FF11
		_NR12_REG	FF12
		_NR13_REG	FF13
		_NR14_REG	FF14
		_NR21_REG	FF16
		_NR22_REG	FF17
		_NR23_REG	FF18
		_NR24_REG	FF19
		_NR30_REG	FF1A
		_NR31_REG	FF1B
		_NR32_REG	FF1C
		_NR33_REG	FF1D
		_NR34_REG	FF1E
		_NR41_REG	FF20
		_NR42_REG	FF21
		_NR43_REG	FF22
		_NR44_REG	FF23
		_NR50_REG	FF24
		_NR51_REG	FF25
		_NR52_REG	FF26
		_LCDC_REG	FF40
		_STAT_REG	FF41
		_SCY_REG	FF42
		_SCX_REG	FF43
		_LY_REG	FF44
		_LYC_REG	FF45
		_DMA_REG	FF46
		_BGP_REG	FF47
		_OBP0_REG	FF48
		_OBP1_REG	FF49
		_WY_REG	FF4A
		_WX_REG	FF4B
		_KEY1_REG	FF4D
		_VBK_REG	FF4F
		_HDMA1_REG	FF51
		_HDMA2_REG	FF52
		_HDMA3_REG	FF53
		_HDMA4_REG	FF54
		_HDMA5_REG	FF55
		_RP_REG	FF56
		_BCPS_REG	FF68
		_BCPD_REG	FF69
		_OCPS_REG	FF6A
		_OCPD_REG	FF6B
		_SVBK_REG	FF70
		_IE_REG	FFFF
MODULES
	FILE C:\gbdk\lib/small/asxxxx/gb/crt0.o
		NAME Runtime
	FILE main.o
		NAME lcc65560
LIBRARIES
	LIBRARY C:\gbdk\lib/small/asxxxx/gb/gb.lib
		MODULE sfr.o
	LIBRARY C:\gbdk\lib/small/asxxxx/gb/gb.lib
		MODULE font.o
	LIBRARY C:\gbdk\lib/small/asxxxx/gb/gb.lib
		MODULE scroll_b.o
	LIBRARY C:\gbdk\lib/small/asxxxx/gb/gb.lib
		MODULE mv_win.o
	LIBRARY C:\gbdk\lib/small/asxxxx/gb/gb.lib
		MODULE pad.o
	LIBRARY C:\gbdk\lib/small/asxxxx/gb/gb.lib
		MODULE mv_spr.o
	LIBRARY C:\gbdk\lib/small/asxxxx/gb/gb.lib
		MODULE f_spect.o
	LIBRARY C:\gbdk\lib/small/asxxxx/gb/gb.lib
		MODULE set_wi_t.o
	LIBRARY C:\gbdk\lib/small/asxxxx/gb/gb.lib
		MODULE set_data.o
	LIBRARY C:\gbdk\lib/small/asxxxx/gb/gb.lib
		MODULE ibmfixed.o
	LIBRARY C:\gbdk\lib/small/asxxxx/gb/gb.lib
		MODULE drawing.o
	LIBRARY C:\gbdk\lib/small/asxxxx/gb/gb.lib
		MODULE f_italic.o
	LIBRARY C:\gbdk\lib/small/asxxxx/gb/gb.lib
		MODULE f_ibm_sh.o
	LIBRARY C:\gbdk\lib/small/asxxxx/gb/gb.lib
		MODULE set_spr.o
	LIBRARY C:\gbdk\lib/small/asxxxx/gbz80/gbz80.lib
		MODULE printf.o
	LIBRARY C:\gbdk\lib/small/asxxxx/gb/gb.lib
		MODULE init_tt.o
	LIBRARY C:\gbdk\lib/small/asxxxx/gb/gb.lib
		MODULE f_min.o
	LIBRARY C:\gbdk\lib/small/asxxxx/gbz80/gbz80.lib
		MODULE div.o
	LIBRARY C:\gbdk\lib/small/asxxxx/gb/gb.lib
		MODULE cpy_data.o
	LIBRARY C:\gbdk\lib/small/asxxxx/gb/gb.lib
		MODULE set_bk_t.o
	LIBRARY C:\gbdk\lib/small/asxxxx/gb/gb.lib
		MODULE set_xy_t.o
USERBASEDEF
	_CODE=0x0200
	_DATA=0xC0A0
	_CODE_1=0x4000
USERGLOBALDEF
	.OAM=0xC000
	.STACK=0xE000
	.refresh_OAM=0xFF80
	.init=0x0000
