AREA .  .ABS.
	RADIX HEX
	BASE 0000
	SIZE 0000
	ATTRIB ABS OVR
	GLOBALS
		l__HEAP	0000
		l__BSEG	0000
		l_.  .ABS.	0000
		l__GSFINAL	0000
		l__ISEG	0000
		s_.  .ABS.	0000
		s__HEADER	0000
		l__XSEG	0000
		.init	0000
		l__OVERLAY	0000
		l__LIT	0000
		s__SFR	0000
		l__GSINITTAIL	0001
		l__BSS	0087
		l__HEADER	01EB
		s__CODE	0200
		l__HOME	04AF
		l__DATA	078D
		l__CODE	12BE
		s__HOME	14BE
		s__BASE	196D
		l__BASE	1CA9
		l__GSINIT	2D3B
		s__LIT	3616
		s__GSINIT	3616
		s__GSINITTAIL	6351
		s__GSFINAL	6352
		.OAM	C000
		s__DATA	C0A0
		s__BSS	C82D
		s__HEAP	C8B4
		s__BSEG	C8B4
		s__ISEG	C8B4
		s__XSEG	C8B4
		s__OVERLAY	C8B4
		.STACK	E000
		.refresh_OAM	FF80
		l__SFR	10000
AREA _CODE
	RADIX HEX
	BASE 0200
	SIZE 12BE
	ATTRIB REL CON
	GLOBALS
		_performantdelay	0200
		_play1_first_part	0214
		_play1_second_part	03C8
		_play2_first_part	05A1
		_play2_second_part	0665
		_play2_thirt_part	0729
		_play2_fourth_part	086C
		_play2_fifth_part	0930
		_limpar_tela	0AD2
		_tela_inicial	0B37
		_fase1	0B97
		_fase2	0C63
		_main	0D37
		_putchar	0D4D
		_setchar	0D56
		_gotoxy	0D5F
		_posx	0D6A
		_posy	0D7B
		.adv_gcurs	0D8C
		.circle	0DA9
		.horlin	0E4C
		.verlin	0E84
		.circplot	0EE0
		.box	0F5E
		.line	1034
		.xonly	1155
		.yonly	12A4
		.plot	12C5
		.wrbyte	12E2
		.getpix	1364
		.wrtchr	1399
		_gotogxy	13FD
		_wrtchr	1408
		_getpix	141D
		_color	1429
		_circle	1438
		_box	1452
		_line	1476
		_plot_point	148E
		_plot	14A2
AREA _HEADER
	RADIX HEX
	BASE 0000
	SIZE 01EB
	ATTRIB ABS OVR
	GLOBALS
		_exit	01D2
AREA _HOME
	RADIX HEX
	BASE 14BE
	SIZE 04AF
	ATTRIB REL CON
	GLOBALS
		.set_mode	14BE
		.remove_VBL	14CE
		.remove_LCD	14D4
		.remove_TIM	14DA
		.remove_SIO	14E0
		.remove_JOY	14E6
		.add_VBL	14EC
		.add_LCD	14F2
		.add_TIM	14F8
		.add_SIO	14FE
		.add_JOY	1504
		.remove_int	150A
		.add_int	152A
		.wait_vbl_done	1546
		_wait_vbl_done	1546
		_display_off	155D
		.display_off	155D
		.serial_IO	157E
		_mode	15AD
		_get_mode	15B6
		_enable_interrupts	15BB
		_disable_interrupts	15BD
		_reset	15BF
		.reset	15BF
		_set_interrupts	15C5
		_remove_VBL	15D0
		_remove_LCD	15DB
		_remove_TIM	15E6
		_remove_SIO	15F1
		_remove_JOY	15FC
		_add_VBL	1607
		_add_LCD	1612
		_add_TIM	161D
		_add_SIO	1628
		_add_JOY	1633
		_clock	163E
		__printTStates	1647
		banked_call	1648
		banked_ret	1661
		_printf	166A
		_sprintf	1699
AREA _BASE
	RADIX HEX
	BASE 196D
	SIZE 1CA9
	ATTRIB REL CON
	GLOBALS
		font_copy_uncompressed	196D
		font_copy_compressed	19A3
		font_load	19F8
		font_copy_current	1A40
		font_set	1A88
		.put_char	1A95
		.out_char	1AAE
		.del_char	1AB5
		_font_load	1B10
		_font_set	1B1E
		_font_init	1B2D
		_cls	1B4F
		.cls	1B4F
		.cr_curs	1B81
		.adv_curs	1B96
		.tmode	1BF2
		.tmode_out	1C1B
		_scroll_bkg	1C2B
		_move_win	1C41
		.padup	1C4A
		_waitpadup	1C4A
		.jpad	1C5A
		.wait_pad	1C87
		_joypad	1C8E
		_waitpad	1C93
		_font_spect	1C9D
		_set_win_tiles	201F
		_font_load_ibm_fixed	2033
		_font_ibm_fixed	203A
		_font_ibm_fixed_tiles	213C
		.gmode	293C
		.vbl	299E
		.lcd	29A9
		.draw_image	29B6
		.switch_data	29C0
		_switch_data	29F7
		_draw_image	2A12
		.y_table	2A25
		_font_italic	2B45
		_font_ibm	2EAF
		.init_vram	3231
		.init_wtt	323F
		.init_btt	324F
		.init_tt	325D
		_set_win_data	3263
		_set_bkg_data	3263
		_set_sprite_data	32B0
		_font_min	32DF
		__modslong	3489
		__divslong	3489
		__mulslong	3489
		__divschar	348A
		__modschar	3496
		__divsint	34A1
		__modsint	34B2
		__divuchar	34C1
		__moduchar	34CD
		__divuint	34D8
		__moduint	34E9
		.mod8	34F8
		.div8	34F8
		.mod16	3500
		.div16	3500
		.modu8	3536
		.divu8	3536
		.modu16	3539
		.divu16	3539
		.copy_vram	3576
		_get_data	3585
		_set_data	3585
		_set_bkg_tiles	3598
		.set_xy_wtt	35AC
		.set_xy_btt	35BD
		.set_xy_tt	35CC
		_set_tiles	35FD
AREA _LIT
	RADIX HEX
	BASE 3616
	SIZE 0000
	ATTRIB REL CON
AREA _GSINIT
	RADIX HEX
	BASE 3616
	SIZE 2D3B
	ATTRIB REL CON
	GLOBALS
		gsinit	3616
AREA _GSINITTAIL
	RADIX HEX
	BASE 6351
	SIZE 0001
	ATTRIB REL CON
AREA _GSFINAL
	RADIX HEX
	BASE 6352
	SIZE 0000
	ATTRIB REL CON
AREA _DATA
	RADIX HEX
	BASE C0A0
	SIZE 078D
	ATTRIB REL CON
	GLOBALS
		_Bus	C0A0
		_Car	C0E0
		__Clock	C120
		_Fase1_Sprites	C130
		_Fase2_Sprites	C270
		_Student	C370
		_Fase1_BackGround	C3B0
		_Fase2_BackGround	C5D0
		_timemap	C810
		_end_mensage	C81A
		_x	C824
		_y	C825
		_tocou	C826
		_tocou2	C827
		_sound_step	C828
		_delay_counter	C829
		_i	C82A
		_j	C82B
		_k	C82C
AREA _BSS
	RADIX HEX
	BASE C82D
	SIZE 0087
	ATTRIB REL CON
	GLOBALS
		__cpu	C82D
		.mode	C82E
		__io_out	C82F
		__io_in	C830
		__io_status	C831
		.vbl_done	C832
		__current_bank	C833
		_sys_time	C834
		.sys_time	C834
		.int_0x40	C836
		.int_0x48	C846
		.int_0x50	C856
		.int_0x58	C866
		.int_0x60	C876
		font_current	C886
		font_first_free_tile	C889
		font_table	C88A
		.curx	C89C
		.cury	C89D
		.fg_colour	C89E
		.bg_colour	C89F
AREA _HEAP
	RADIX HEX
	BASE C8B4
	SIZE 0000
	ATTRIB REL CON
	GLOBALS
		_malloc_heap_start	C8B4
AREA _OVERLAY
	RADIX HEX
	BASE C8B4
	SIZE 0000
	ATTRIB REL CON
AREA _ISEG
	RADIX HEX
	BASE C8B4
	SIZE 0000
	ATTRIB REL CON
AREA _BSEG
	RADIX HEX
	BASE C8B4
	SIZE 0000
	ATTRIB REL CON
AREA _XSEG
	RADIX HEX
	BASE C8B4
	SIZE 0000
	ATTRIB REL CON
AREA _SFR
	RADIX HEX
	BASE 0000
	SIZE 10000
	ATTRIB ABS OVR
	GLOBALS
		_P1_REG	FF00
		_SB_REG	FF01
		_SC_REG	FF02
		_DIV_REG	FF04
		_TIMA_REG	FF05
		_TMA_REG	FF06
		_TAC_REG	FF07
		_IF_REG	FF0F
		_NR10_REG	FF10
		_NR11_REG	FF11
		_NR12_REG	FF12
		_NR13_REG	FF13
		_NR14_REG	FF14
		_NR21_REG	FF16
		_NR22_REG	FF17
		_NR23_REG	FF18
		_NR24_REG	FF19
		_NR30_REG	FF1A
		_NR31_REG	FF1B
		_NR32_REG	FF1C
		_NR33_REG	FF1D
		_NR34_REG	FF1E
		_NR41_REG	FF20
		_NR42_REG	FF21
		_NR43_REG	FF22
		_NR44_REG	FF23
		_NR50_REG	FF24
		_NR51_REG	FF25
		_NR52_REG	FF26
		_LCDC_REG	FF40
		_STAT_REG	FF41
		_SCY_REG	FF42
		_SCX_REG	FF43
		_LY_REG	FF44
		_LYC_REG	FF45
		_DMA_REG	FF46
		_BGP_REG	FF47
		_OBP0_REG	FF48
		_OBP1_REG	FF49
		_WY_REG	FF4A
		_WX_REG	FF4B
		_KEY1_REG	FF4D
		_VBK_REG	FF4F
		_HDMA1_REG	FF51
		_HDMA2_REG	FF52
		_HDMA3_REG	FF53
		_HDMA4_REG	FF54
		_HDMA5_REG	FF55
		_RP_REG	FF56
		_BCPS_REG	FF68
		_BCPD_REG	FF69
		_OCPS_REG	FF6A
		_OCPD_REG	FF6B
		_SVBK_REG	FF70
		_IE_REG	FFFF
MODULES
	FILE C:\gbdk\lib/small/asxxxx/gb/crt0.o
		NAME Runtime
	FILE main.o
		NAME lcc343960
LIBRARIES
	LIBRARY C:\gbdk\lib/small/asxxxx/gb/gb.lib
		MODULE sfr.o
	LIBRARY C:\gbdk\lib/small/asxxxx/gb/gb.lib
		MODULE font.o
	LIBRARY C:\gbdk\lib/small/asxxxx/gb/gb.lib
		MODULE scroll_b.o
	LIBRARY C:\gbdk\lib/small/asxxxx/gb/gb.lib
		MODULE mv_win.o
	LIBRARY C:\gbdk\lib/small/asxxxx/gb/gb.lib
		MODULE pad.o
	LIBRARY C:\gbdk\lib/small/asxxxx/gb/gb.lib
		MODULE f_spect.o
	LIBRARY C:\gbdk\lib/small/asxxxx/gb/gb.lib
		MODULE set_wi_t.o
	LIBRARY C:\gbdk\lib/small/asxxxx/gb/gb.lib
		MODULE ibmfixed.o
	LIBRARY C:\gbdk\lib/small/asxxxx/gb/gb.lib
		MODULE drawing.o
	LIBRARY C:\gbdk\lib/small/asxxxx/gb/gb.lib
		MODULE f_italic.o
	LIBRARY C:\gbdk\lib/small/asxxxx/gb/gb.lib
		MODULE f_ibm_sh.o
	LIBRARY C:\gbdk\lib/small/asxxxx/gbz80/gbz80.lib
		MODULE printf.o
	LIBRARY C:\gbdk\lib/small/asxxxx/gb/gb.lib
		MODULE init_tt.o
	LIBRARY C:\gbdk\lib/small/asxxxx/gb/gb.lib
		MODULE set_data.o
	LIBRARY C:\gbdk\lib/small/asxxxx/gb/gb.lib
		MODULE f_min.o
	LIBRARY C:\gbdk\lib/small/asxxxx/gbz80/gbz80.lib
		MODULE div.o
	LIBRARY C:\gbdk\lib/small/asxxxx/gb/gb.lib
		MODULE cpy_data.o
	LIBRARY C:\gbdk\lib/small/asxxxx/gb/gb.lib
		MODULE set_bk_t.o
	LIBRARY C:\gbdk\lib/small/asxxxx/gb/gb.lib
		MODULE set_xy_t.o
USERBASEDEF
	_CODE=0x0200
	_DATA=0xC0A0
	_CODE_1=0x4000
USERGLOBALDEF
	.OAM=0xC000
	.STACK=0xE000
	.refresh_OAM=0xFF80
	.init=0x0000
