AREA .  .ABS.
	RADIX HEX
	BASE 0000
	SIZE 0000
	ATTRIB ABS OVR
	GLOBALS
		l__HEAP	0000
		l__BSEG	0000
		l_.  .ABS.	0000
		l__GSFINAL	0000
		l__ISEG	0000
		s_.  .ABS.	0000
		s__HEADER	0000
		l__XSEG	0000
		.init	0000
		l__OVERLAY	0000
		l__LIT	0000
		s__SFR	0000
		l__GSINITTAIL	0001
		l__BSS	0087
		l__HEADER	01EB
		s__CODE	0200
		l__HOME	04AF
		l__DATA	078B
		l__CODE	0D26
		s__HOME	0F26
		s__BASE	13D5
		l__BASE	1CA9
		l__GSINIT	2D31
		s__LIT	307E
		s__GSINIT	307E
		s__GSINITTAIL	5DAF
		s__GSFINAL	5DB0
		.OAM	C000
		s__DATA	C0A0
		s__BSS	C82B
		s__HEAP	C8B2
		s__BSEG	C8B2
		s__ISEG	C8B2
		s__XSEG	C8B2
		s__OVERLAY	C8B2
		.STACK	E000
		.refresh_OAM	FF80
		l__SFR	10000
AREA _CODE
	RADIX HEX
	BASE 0200
	SIZE 0D26
	ATTRIB REL CON
	GLOBALS
		_performantdelay	0200
		_play1_first_part	0214
		_play1_second_part	03C8
		_limpar_tela	05A1
		_tela_inicial	0606
		_fase1	0666
		_fase2	070F
		_main	079F
		_putchar	07B5
		_setchar	07BE
		_gotoxy	07C7
		_posx	07D2
		_posy	07E3
		.adv_gcurs	07F4
		.circle	0811
		.horlin	08B4
		.verlin	08EC
		.circplot	0948
		.box	09C6
		.line	0A9C
		.xonly	0BBD
		.yonly	0D0C
		.plot	0D2D
		.wrbyte	0D4A
		.getpix	0DCC
		.wrtchr	0E01
		_gotogxy	0E65
		_wrtchr	0E70
		_getpix	0E85
		_color	0E91
		_circle	0EA0
		_box	0EBA
		_line	0EDE
		_plot_point	0EF6
		_plot	0F0A
AREA _HEADER
	RADIX HEX
	BASE 0000
	SIZE 01EB
	ATTRIB ABS OVR
	GLOBALS
		_exit	01D2
AREA _HOME
	RADIX HEX
	BASE 0F26
	SIZE 04AF
	ATTRIB REL CON
	GLOBALS
		.set_mode	0F26
		.remove_VBL	0F36
		.remove_LCD	0F3C
		.remove_TIM	0F42
		.remove_SIO	0F48
		.remove_JOY	0F4E
		.add_VBL	0F54
		.add_LCD	0F5A
		.add_TIM	0F60
		.add_SIO	0F66
		.add_JOY	0F6C
		.remove_int	0F72
		.add_int	0F92
		.wait_vbl_done	0FAE
		_wait_vbl_done	0FAE
		_display_off	0FC5
		.display_off	0FC5
		.serial_IO	0FE6
		_mode	1015
		_get_mode	101E
		_enable_interrupts	1023
		_disable_interrupts	1025
		_reset	1027
		.reset	1027
		_set_interrupts	102D
		_remove_VBL	1038
		_remove_LCD	1043
		_remove_TIM	104E
		_remove_SIO	1059
		_remove_JOY	1064
		_add_VBL	106F
		_add_LCD	107A
		_add_TIM	1085
		_add_SIO	1090
		_add_JOY	109B
		_clock	10A6
		__printTStates	10AF
		banked_call	10B0
		banked_ret	10C9
		_printf	10D2
		_sprintf	1101
AREA _BASE
	RADIX HEX
	BASE 13D5
	SIZE 1CA9
	ATTRIB REL CON
	GLOBALS
		font_copy_uncompressed	13D5
		font_copy_compressed	140B
		font_load	1460
		font_copy_current	14A8
		font_set	14F0
		.put_char	14FD
		.out_char	1516
		.del_char	151D
		_font_load	1578
		_font_set	1586
		_font_init	1595
		_cls	15B7
		.cls	15B7
		.cr_curs	15E9
		.adv_curs	15FE
		.tmode	165A
		.tmode_out	1683
		_scroll_bkg	1693
		_move_win	16A9
		.padup	16B2
		_waitpadup	16B2
		.jpad	16C2
		.wait_pad	16EF
		_joypad	16F6
		_waitpad	16FB
		_font_spect	1705
		_set_win_tiles	1A87
		_font_load_ibm_fixed	1A9B
		_font_ibm_fixed	1AA2
		_font_ibm_fixed_tiles	1BA4
		.gmode	23A4
		.vbl	2406
		.lcd	2411
		.draw_image	241E
		.switch_data	2428
		_switch_data	245F
		_draw_image	247A
		.y_table	248D
		_font_italic	25AD
		_font_ibm	2917
		.init_vram	2C99
		.init_wtt	2CA7
		.init_btt	2CB7
		.init_tt	2CC5
		_set_win_data	2CCB
		_set_bkg_data	2CCB
		_set_sprite_data	2D18
		_font_min	2D47
		__modslong	2EF1
		__divslong	2EF1
		__mulslong	2EF1
		__divschar	2EF2
		__modschar	2EFE
		__divsint	2F09
		__modsint	2F1A
		__divuchar	2F29
		__moduchar	2F35
		__divuint	2F40
		__moduint	2F51
		.mod8	2F60
		.div8	2F60
		.mod16	2F68
		.div16	2F68
		.modu8	2F9E
		.divu8	2F9E
		.modu16	2FA1
		.divu16	2FA1
		.copy_vram	2FDE
		_get_data	2FED
		_set_data	2FED
		_set_bkg_tiles	3000
		.set_xy_wtt	3014
		.set_xy_btt	3025
		.set_xy_tt	3034
		_set_tiles	3065
AREA _LIT
	RADIX HEX
	BASE 307E
	SIZE 0000
	ATTRIB REL CON
AREA _GSINIT
	RADIX HEX
	BASE 307E
	SIZE 2D31
	ATTRIB REL CON
	GLOBALS
		gsinit	307E
AREA _GSINITTAIL
	RADIX HEX
	BASE 5DAF
	SIZE 0001
	ATTRIB REL CON
AREA _GSFINAL
	RADIX HEX
	BASE 5DB0
	SIZE 0000
	ATTRIB REL CON
AREA _DATA
	RADIX HEX
	BASE C0A0
	SIZE 078B
	ATTRIB REL CON
	GLOBALS
		_Bus	C0A0
		_Car	C0E0
		__Clock	C120
		_Fase1_Sprites	C130
		_Fase2_Sprites	C270
		_Student	C370
		_Fase1_BackGround	C3B0
		_Fase2_BackGround	C5D0
		_timemap	C810
		_end_mensage	C81A
		_x	C824
		_y	C825
		_tocou	C826
		_sound_step	C827
		_sound_substep	C828
		_delay_counter	C829
		_i	C82A
AREA _BSS
	RADIX HEX
	BASE C82B
	SIZE 0087
	ATTRIB REL CON
	GLOBALS
		__cpu	C82B
		.mode	C82C
		__io_out	C82D
		__io_in	C82E
		__io_status	C82F
		.vbl_done	C830
		__current_bank	C831
		_sys_time	C832
		.sys_time	C832
		.int_0x40	C834
		.int_0x48	C844
		.int_0x50	C854
		.int_0x58	C864
		.int_0x60	C874
		font_current	C884
		font_first_free_tile	C887
		font_table	C888
		.curx	C89A
		.cury	C89B
		.fg_colour	C89C
		.bg_colour	C89D
AREA _HEAP
	RADIX HEX
	BASE C8B2
	SIZE 0000
	ATTRIB REL CON
	GLOBALS
		_malloc_heap_start	C8B2
AREA _OVERLAY
	RADIX HEX
	BASE C8B2
	SIZE 0000
	ATTRIB REL CON
AREA _ISEG
	RADIX HEX
	BASE C8B2
	SIZE 0000
	ATTRIB REL CON
AREA _BSEG
	RADIX HEX
	BASE C8B2
	SIZE 0000
	ATTRIB REL CON
AREA _XSEG
	RADIX HEX
	BASE C8B2
	SIZE 0000
	ATTRIB REL CON
AREA _SFR
	RADIX HEX
	BASE 0000
	SIZE 10000
	ATTRIB ABS OVR
	GLOBALS
		_P1_REG	FF00
		_SB_REG	FF01
		_SC_REG	FF02
		_DIV_REG	FF04
		_TIMA_REG	FF05
		_TMA_REG	FF06
		_TAC_REG	FF07
		_IF_REG	FF0F
		_NR10_REG	FF10
		_NR11_REG	FF11
		_NR12_REG	FF12
		_NR13_REG	FF13
		_NR14_REG	FF14
		_NR21_REG	FF16
		_NR22_REG	FF17
		_NR23_REG	FF18
		_NR24_REG	FF19
		_NR30_REG	FF1A
		_NR31_REG	FF1B
		_NR32_REG	FF1C
		_NR33_REG	FF1D
		_NR34_REG	FF1E
		_NR41_REG	FF20
		_NR42_REG	FF21
		_NR43_REG	FF22
		_NR44_REG	FF23
		_NR50_REG	FF24
		_NR51_REG	FF25
		_NR52_REG	FF26
		_LCDC_REG	FF40
		_STAT_REG	FF41
		_SCY_REG	FF42
		_SCX_REG	FF43
		_LY_REG	FF44
		_LYC_REG	FF45
		_DMA_REG	FF46
		_BGP_REG	FF47
		_OBP0_REG	FF48
		_OBP1_REG	FF49
		_WY_REG	FF4A
		_WX_REG	FF4B
		_KEY1_REG	FF4D
		_VBK_REG	FF4F
		_HDMA1_REG	FF51
		_HDMA2_REG	FF52
		_HDMA3_REG	FF53
		_HDMA4_REG	FF54
		_HDMA5_REG	FF55
		_RP_REG	FF56
		_BCPS_REG	FF68
		_BCPD_REG	FF69
		_OCPS_REG	FF6A
		_OCPD_REG	FF6B
		_SVBK_REG	FF70
		_IE_REG	FFFF
MODULES
	FILE C:\gbdk\lib/small/asxxxx/gb/crt0.o
		NAME Runtime
	FILE main.o
		NAME lcc33640
LIBRARIES
	LIBRARY C:\gbdk\lib/small/asxxxx/gb/gb.lib
		MODULE sfr.o
	LIBRARY C:\gbdk\lib/small/asxxxx/gb/gb.lib
		MODULE font.o
	LIBRARY C:\gbdk\lib/small/asxxxx/gb/gb.lib
		MODULE scroll_b.o
	LIBRARY C:\gbdk\lib/small/asxxxx/gb/gb.lib
		MODULE mv_win.o
	LIBRARY C:\gbdk\lib/small/asxxxx/gb/gb.lib
		MODULE pad.o
	LIBRARY C:\gbdk\lib/small/asxxxx/gb/gb.lib
		MODULE f_spect.o
	LIBRARY C:\gbdk\lib/small/asxxxx/gb/gb.lib
		MODULE set_wi_t.o
	LIBRARY C:\gbdk\lib/small/asxxxx/gb/gb.lib
		MODULE ibmfixed.o
	LIBRARY C:\gbdk\lib/small/asxxxx/gb/gb.lib
		MODULE drawing.o
	LIBRARY C:\gbdk\lib/small/asxxxx/gb/gb.lib
		MODULE f_italic.o
	LIBRARY C:\gbdk\lib/small/asxxxx/gb/gb.lib
		MODULE f_ibm_sh.o
	LIBRARY C:\gbdk\lib/small/asxxxx/gbz80/gbz80.lib
		MODULE printf.o
	LIBRARY C:\gbdk\lib/small/asxxxx/gb/gb.lib
		MODULE init_tt.o
	LIBRARY C:\gbdk\lib/small/asxxxx/gb/gb.lib
		MODULE set_data.o
	LIBRARY C:\gbdk\lib/small/asxxxx/gb/gb.lib
		MODULE f_min.o
	LIBRARY C:\gbdk\lib/small/asxxxx/gbz80/gbz80.lib
		MODULE div.o
	LIBRARY C:\gbdk\lib/small/asxxxx/gb/gb.lib
		MODULE cpy_data.o
	LIBRARY C:\gbdk\lib/small/asxxxx/gb/gb.lib
		MODULE set_bk_t.o
	LIBRARY C:\gbdk\lib/small/asxxxx/gb/gb.lib
		MODULE set_xy_t.o
USERBASEDEF
	_CODE=0x0200
	_DATA=0xC0A0
	_CODE_1=0x4000
USERGLOBALDEF
	.OAM=0xC000
	.STACK=0xE000
	.refresh_OAM=0xFF80
	.init=0x0000
